

Thu Sep 11 08:15:56 2025
Command line: TestDisk

TestDisk 7.1, Data Recovery Utility, July 2019
Christophe GRENIER <grenier@cgsecurity.org>
https://www.cgsecurity.org
OS: Linux, kernel 6.14.0-29-generic (#29~24.04.1-Ubuntu SMP PREEMPT_DYNAMIC Thu Aug 14 16:52:50 UTC 2) x86_64
Compiler: GCC 13.2
ext2fs lib: 1.47.0, ntfs lib: libntfs-3g, reiserfs lib: none, ewf lib: none, curses lib: ncurses 6.4
Warning: can't get size for Disk /dev/mapper/control - 0 B - 0 sectors, sector size=512
Warning: can't get size for Disk /dev/loop11 - 0 B - 0 sectors (RO), sector size=512
Hard disk list
Disk /dev/loop0 - 30 MB / 29 MiB - 60040 sectors (RO), sector size=512
Disk /dev/loop1 - 4096 B - 8 sectors (RO), sector size=512
Disk /dev/loop10 - 77 MB / 73 MiB - 151384 sectors (RO), sector size=512
Disk /dev/loop12 - 70 MB / 66 MiB - 136776 sectors (RO), sector size=512
Disk /dev/loop13 - 258 MB / 246 MiB - 504392 sectors (RO), sector size=512
Disk /dev/loop14 - 258 MB / 246 MiB - 504680 sectors (RO), sector size=512
Disk /dev/loop15 - 172 MB / 164 MiB - 337560 sectors (RO), sector size=512
Disk /dev/loop16 - 11 MB / 11 MiB - 22800 sectors (RO), sector size=512
Disk /dev/loop17 - 366 MB / 349 MiB - 716176 sectors (RO), sector size=512
Disk /dev/loop18 - 541 MB / 516 MiB - 1056784 sectors (RO), sector size=512
Disk /dev/loop19 - 633 MB / 604 MiB - 1237032 sectors (RO), sector size=512
Disk /dev/loop2 - 35 MB / 33 MiB - 69256 sectors (RO), sector size=512
Disk /dev/loop20 - 648 MB / 618 MiB - 1266192 sectors (RO), sector size=512
Disk /dev/loop21 - 96 MB / 91 MiB - 187776 sectors (RO), sector size=512
Disk /dev/loop22 - 1239 MB / 1181 MiB - 2420008 sectors (RO), sector size=512
Disk /dev/loop23 - 1162 MB / 1108 MiB - 2269704 sectors (RO), sector size=512
Disk /dev/loop24 - 304 MB / 290 MiB - 595512 sectors (RO), sector size=512
Disk /dev/loop25 - 304 MB / 290 MiB - 595504 sectors (RO), sector size=512
Disk /dev/loop26 - 42 MB / 40 MiB - 82192 sectors (RO), sector size=512
Disk /dev/loop27 - 42 MB / 40 MiB - 82184 sectors (RO), sector size=512
Disk /dev/loop28 - 134 MB / 128 MiB - 262640 sectors (RO), sector size=512
Disk /dev/loop29 - 134 MB / 128 MiB - 262504 sectors (RO), sector size=512
Disk /dev/loop3 - 345 MB / 329 MiB - 674704 sectors (RO), sector size=512
Disk /dev/loop30 - 11 MB / 10 MiB - 22056 sectors (RO), sector size=512
Disk /dev/loop31 - 11 MB / 10 MiB - 22176 sectors (RO), sector size=512
Disk /dev/loop32 - 53 MB / 50 MiB - 103976 sectors (RO), sector size=512
Disk /dev/loop33 - 51 MB / 49 MiB - 100952 sectors (RO), sector size=512
Disk /dev/loop34 - 581 KB / 568 KiB - 1136 sectors (RO), sector size=512
Disk /dev/loop35 - 589 KB / 576 KiB - 1152 sectors (RO), sector size=512
Disk /dev/loop36 - 82 MB / 78 MiB - 160512 sectors (RO), sector size=512
Disk /dev/loop37 - 83 MB / 79 MiB - 162456 sectors (RO), sector size=512
Disk /dev/loop38 - 336 MB / 321 MiB - 657616 sectors (RO), sector size=512
Disk /dev/loop39 - 70 MB / 66 MiB - 136816 sectors (RO), sector size=512
Disk /dev/loop4 - 338 MB / 322 MiB - 661448 sectors (RO), sector size=512
Disk /dev/loop5 - 58 MB / 55 MiB - 113624 sectors (RO), sector size=512
Disk /dev/loop6 - 58 MB / 55 MiB - 113624 sectors (RO), sector size=512
Disk /dev/loop7 - 66 MB / 63 MiB - 130592 sectors (RO), sector size=512
Disk /dev/loop8 - 77 MB / 73 MiB - 151376 sectors (RO), sector size=512
Disk /dev/loop9 - 66 MB / 63 MiB - 130592 sectors (RO), sector size=512
Disk /dev/nvme0n1 - 512 GB / 476 GiB - CHS 488386 64 32, sector size=512

Partition table type (auto): EFI GPT
Disk /dev/nvme0n1 - 512 GB / 476 GiB
Partition table type: EFI GPT

Analyse Disk /dev/nvme0n1 - 512 GB / 476 GiB - CHS 488386 64 32
hdr_size=92
hdr_lba_self=1
hdr_lba_alt=1000215215 (expected 1000215215)
hdr_lba_start=2048
hdr_lba_end=1000215182
hdr_lba_table=2
hdr_entries=128
hdr_entsz=128
Current partition structure:
 1 P EFI System                  2048    2203647    2201600
 2 P Linux filesys. data      2203648 1000212479  998008832

search_part()
Disk /dev/nvme0n1 - 512 GB / 476 GiB - CHS 488386 64 32
FAT32 at 1/0/1
FAT1 : 32-2183
FAT2 : 2184-4335
start_rootdir : 4336 root cluster : 2
Data : 4336-2201599
sectors : 2201600
cluster_size : 8
no_of_cluster : 274658 (2 - 274659)
fat_length 2152 calculated 2146
set_FAT_info: name from BS used

FAT32 at 1/0/1
FAT: cluster=2(0x2), pos=6384
     EFI System                  2048    2203647    2201600 [EFI System Partition] [NO NAME]
     FAT32, blocksize=4096, 1127 MB / 1075 MiB

recover_EXT2: s_block_group_nr=0/3807, s_mnt_count=207/4294967295, s_blocks_per_group=32768, s_inodes_per_group=8192
recover_EXT2: s_blocksize=4096
recover_EXT2: s_blocks_count 124751104
recover_EXT2: part_size 998008832
Filesystem created: Sat Apr 12 13:59:49 2025
Last mount time:    Wed Sep 10 21:37:52 2025
     Linux filesys. data      2203648 1000212479  998008832
     ext4 blocksize=4096 Large_file Sparse_SB Recover, 510 GB / 475 GiB

Results
   P EFI System                  2048    2203647    2201600 [EFI System Partition] [NO NAME]
     FAT32, blocksize=4096, 1127 MB / 1075 MiB
   P Linux filesys. data      2203648 1000212479  998008832
     ext4 blocksize=4096 Large_file Sparse_SB Recover, 510 GB / 475 GiB

Hint for advanced users: dmsetup may be used if you prefer to avoid rewriting the partition table for the moment:
echo "0 2201600 linear /dev/nvme0n1 2048" | dmsetup create test0
echo "0 998008832 linear /dev/nvme0n1 2203648" | dmsetup create test1

interface_write()
 1 P EFI System                  2048    2203647    2201600 [EFI System Partition] [NO NAME]
 2 P Linux filesys. data      2203648 1000212479  998008832

search_part()
Disk /dev/nvme0n1 - 512 GB / 476 GiB - CHS 488386 64 32
FAT32 at 1/0/1
FAT1 : 32-2183
FAT2 : 2184-4335
start_rootdir : 4336 root cluster : 2
Data : 4336-2201599
sectors : 2201600
cluster_size : 8
no_of_cluster : 274658 (2 - 274659)
fat_length 2152 calculated 2146
set_FAT_info: name from BS used

FAT32 at 1/0/1
FAT: cluster=2(0x2), pos=6384
     EFI System                  2048    2203647    2201600 [EFI System Partition] [NO NAME]
     FAT32, blocksize=4096, 1127 MB / 1075 MiB
FAT32 at 1/0/7
FAT1 : 32-2183
FAT2 : 2184-4335
start_rootdir : 4336 root cluster : 2
Data : 4336-2201599
sectors : 2201600
cluster_size : 8
no_of_cluster : 274658 (2 - 274659)
fat_length 2152 calculated 2146
set_FAT_info: name from BS used

FAT32 at 1/0/7
FAT: cluster=2(0x2), pos=6384
     EFI System                  2048    2203647    2201600 [EFI System Partition] [NO NAME]
     FAT32, blocksize=4096, 1127 MB / 1075 MiB
FAT32 at 1/0/7
FAT1 : 32-2183
FAT2 : 2184-4335
start_rootdir : 4336 root cluster : 2
Data : 4336-2201599
sectors : 2201600
cluster_size : 8
no_of_cluster : 274658 (2 - 274659)
fat_length 2152 calculated 2146
set_FAT_info: name from BS used

FAT32 at 1/0/7
FAT: Directory entry is marked as free.
FAT: cluster=2(0x2), pos=6390
     MS Data                     2054    2203653    2201600 [NO NAME]
     FAT32, blocksize=4096, 1127 MB / 1075 MiB

recover_EXT2: s_block_group_nr=0/3807, s_mnt_count=207/4294967295, s_blocks_per_group=32768, s_inodes_per_group=8192
recover_EXT2: s_blocksize=4096
recover_EXT2: s_blocks_count 124751104
recover_EXT2: part_size 998008832
Filesystem created: Sat Apr 12 13:59:49 2025
Last mount time:    Wed Sep 10 21:37:52 2025
     Linux filesys. data      2203648 1000212479  998008832
     ext4 blocksize=4096 Large_file Sparse_SB Recover, 510 GB / 475 GiB

block_group_nr 1

recover_EXT2: "e2fsck -b 32768 -B 4096 device" may be needed
recover_EXT2: s_block_group_nr=1/3807, s_mnt_count=0/4294967295, s_blocks_per_group=32768, s_inodes_per_group=8192
recover_EXT2: s_blocksize=4096
recover_EXT2: s_blocks_count 124751104
recover_EXT2: part_size 998008832
Filesystem created: Sat Apr 12 13:59:49 2025
     Linux filesys. data      2203646 1000212477  998008832
     ext4 blocksize=4096 Large_file Sparse_SB Backup_SB, 510 GB / 475 GiB

block_group_nr 1

recover_EXT2: "e2fsck -b 32768 -B 4096 device" may be needed
recover_EXT2: s_block_group_nr=1/3807, s_mnt_count=0/4294967295, s_blocks_per_group=32768, s_inodes_per_group=8192
recover_EXT2: s_blocksize=4096
recover_EXT2: s_blocks_count 124751104
recover_EXT2: part_size 998008832
Filesystem created: Sat Apr 12 13:59:49 2025
     Linux filesys. data      2203648 1000212479  998008832
     ext4 blocksize=4096 Large_file Sparse_SB Backup_SB, 510 GB / 475 GiB

LVM magic value at 1322/22/27

block_group_nr 3

recover_EXT2: "e2fsck -b 98304 -B 4096 device" may be needed
recover_EXT2: s_block_group_nr=3/3807, s_mnt_count=0/4294967295, s_blocks_per_group=32768, s_inodes_per_group=8192
recover_EXT2: s_blocksize=4096
recover_EXT2: s_blocks_count 124751104
recover_EXT2: part_size 998008832
Filesystem created: Sat Apr 12 13:59:49 2025
     Linux filesys. data      2203646 1000212477  998008832
     ext4 blocksize=4096 Large_file Sparse_SB Backup_SB, 510 GB / 475 GiB

block_group_nr 3

recover_EXT2: "e2fsck -b 98304 -B 4096 device" may be needed
recover_EXT2: s_block_group_nr=3/3807, s_mnt_count=0/4294967295, s_blocks_per_group=32768, s_inodes_per_group=8192
recover_EXT2: s_blocksize=4096
recover_EXT2: s_blocks_count 124751104
recover_EXT2: part_size 998008832
Filesystem created: Sat Apr 12 13:59:49 2025
     Linux filesys. data      2203648 1000212479  998008832
     ext4 blocksize=4096 Large_file Sparse_SB Backup_SB, 510 GB / 475 GiB

block_group_nr 5

recover_EXT2: "e2fsck -b 163840 -B 4096 device" may be needed
recover_EXT2: s_block_group_nr=5/3807, s_mnt_count=0/4294967295, s_blocks_per_group=32768, s_inodes_per_group=8192
recover_EXT2: s_blocksize=4096
recover_EXT2: s_blocks_count 124751104
recover_EXT2: part_size 998008832
Filesystem created: Sat Apr 12 13:59:49 2025
     Linux filesys. data      2203646 1000212477  998008832
     ext4 blocksize=4096 Large_file Sparse_SB Backup_SB, 510 GB / 475 GiB

block_group_nr 5

recover_EXT2: "e2fsck -b 163840 -B 4096 device" may be needed
recover_EXT2: s_block_group_nr=5/3807, s_mnt_count=0/4294967295, s_blocks_per_group=32768, s_inodes_per_group=8192
recover_EXT2: s_blocksize=4096
recover_EXT2: s_blocks_count 124751104
recover_EXT2: part_size 998008832
Filesystem created: Sat Apr 12 13:59:49 2025
     Linux filesys. data      2203648 1000212479  998008832
     ext4 blocksize=4096 Large_file Sparse_SB Backup_SB, 510 GB / 475 GiB

block_group_nr 7

recover_EXT2: "e2fsck -b 229376 -B 4096 device" may be needed
recover_EXT2: s_block_group_nr=7/3807, s_mnt_count=0/4294967295, s_blocks_per_group=32768, s_inodes_per_group=8192
recover_EXT2: s_blocksize=4096
recover_EXT2: s_blocks_count 124751104
recover_EXT2: part_size 998008832
Filesystem created: Sat Apr 12 13:59:49 2025
     Linux filesys. data      2203646 1000212477  998008832
     ext4 blocksize=4096 Large_file Sparse_SB Backup_SB, 510 GB / 475 GiB

block_group_nr 7

recover_EXT2: "e2fsck -b 229376 -B 4096 device" may be needed
recover_EXT2: s_block_group_nr=7/3807, s_mnt_count=0/4294967295, s_blocks_per_group=32768, s_inodes_per_group=8192
recover_EXT2: s_blocksize=4096
recover_EXT2: s_blocks_count 124751104
recover_EXT2: part_size 998008832
Filesystem created: Sat Apr 12 13:59:49 2025
     Linux filesys. data      2203648 1000212479  998008832
     ext4 blocksize=4096 Large_file Sparse_SB Backup_SB, 510 GB / 475 GiB

block_group_nr 9

recover_EXT2: "e2fsck -b 294912 -B 4096 device" may be needed
recover_EXT2: s_block_group_nr=9/3807, s_mnt_count=0/4294967295, s_blocks_per_group=32768, s_inodes_per_group=8192
recover_EXT2: s_blocksize=4096
recover_EXT2: s_blocks_count 124751104
recover_EXT2: part_size 998008832
Filesystem created: Sat Apr 12 13:59:49 2025
     Linux filesys. data      2203646 1000212477  998008832
     ext4 blocksize=4096 Large_file Sparse_SB Backup_SB, 510 GB / 475 GiB

block_group_nr 9

recover_EXT2: "e2fsck -b 294912 -B 4096 device" may be needed
recover_EXT2: s_block_group_nr=9/3807, s_mnt_count=0/4294967295, s_blocks_per_group=32768, s_inodes_per_group=8192
recover_EXT2: s_blocksize=4096
recover_EXT2: s_blocks_count 124751104
recover_EXT2: part_size 998008832
Filesystem created: Sat Apr 12 13:59:49 2025
     Linux filesys. data      2203648 1000212479  998008832
     ext4 blocksize=4096 Large_file Sparse_SB Backup_SB, 510 GB / 475 GiB

LVM magic value at 2795/49/22

LVM magic value at 3547/31/19

block_group_nr 25

recover_EXT2: "e2fsck -b 819200 -B 4096 device" may be needed
recover_EXT2: s_block_group_nr=25/3807, s_mnt_count=0/4294967295, s_blocks_per_group=32768, s_inodes_per_group=8192
recover_EXT2: s_blocksize=4096
recover_EXT2: s_blocks_count 124751104
recover_EXT2: part_size 998008832
Filesystem created: Sat Apr 12 13:59:49 2025
     Linux filesys. data      2203646 1000212477  998008832
     ext4 blocksize=4096 Large_file Sparse_SB Backup_SB, 510 GB / 475 GiB

block_group_nr 25

recover_EXT2: "e2fsck -b 819200 -B 4096 device" may be needed
recover_EXT2: s_block_group_nr=25/3807, s_mnt_count=0/4294967295, s_blocks_per_group=32768, s_inodes_per_group=8192
recover_EXT2: s_blocksize=4096
recover_EXT2: s_blocks_count 124751104
recover_EXT2: part_size 998008832
Filesystem created: Sat Apr 12 13:59:49 2025
     Linux filesys. data      2203648 1000212479  998008832
     ext4 blocksize=4096 Large_file Sparse_SB Backup_SB, 510 GB / 475 GiB

block_group_nr 27

recover_EXT2: "e2fsck -b 884736 -B 4096 device" may be needed
recover_EXT2: s_block_group_nr=27/3807, s_mnt_count=0/4294967295, s_blocks_per_group=32768, s_inodes_per_group=8192
recover_EXT2: s_blocksize=4096
recover_EXT2: s_blocks_count 124751104
recover_EXT2: part_size 998008832
Filesystem created: Sat Apr 12 13:59:49 2025
     Linux filesys. data      2203646 1000212477  998008832
     ext4 blocksize=4096 Large_file Sparse_SB Backup_SB, 510 GB / 475 GiB

block_group_nr 27

recover_EXT2: "e2fsck -b 884736 -B 4096 device" may be needed
recover_EXT2: s_block_group_nr=27/3807, s_mnt_count=0/4294967295, s_blocks_per_group=32768, s_inodes_per_group=8192
recover_EXT2: s_blocksize=4096
recover_EXT2: s_blocks_count 124751104
recover_EXT2: part_size 998008832
Filesystem created: Sat Apr 12 13:59:49 2025
     Linux filesys. data      2203648 1000212479  998008832
     ext4 blocksize=4096 Large_file Sparse_SB Backup_SB, 510 GB / 475 GiB

LVM magic value at 5017/44/2

block_group_nr 49

recover_EXT2: "e2fsck -b 1605632 -B 4096 device" may be needed
recover_EXT2: s_block_group_nr=49/3807, s_mnt_count=0/4294967295, s_blocks_per_group=32768, s_inodes_per_group=8192
recover_EXT2: s_blocksize=4096
recover_EXT2: s_blocks_count 124751104
recover_EXT2: part_size 998008832
Filesystem created: Sat Apr 12 13:59:49 2025
     Linux filesys. data      2203646 1000212477  998008832
     ext4 blocksize=4096 Large_file Sparse_SB Backup_SB, 510 GB / 475 GiB

block_group_nr 49

recover_EXT2: "e2fsck -b 1605632 -B 4096 device" may be needed
recover_EXT2: s_block_group_nr=49/3807, s_mnt_count=0/4294967295, s_blocks_per_group=32768, s_inodes_per_group=8192
recover_EXT2: s_blocksize=4096
recover_EXT2: s_blocks_count 124751104
recover_EXT2: part_size 998008832
Filesystem created: Sat Apr 12 13:59:49 2025
     Linux filesys. data      2203648 1000212479  998008832
     ext4 blocksize=4096 Large_file Sparse_SB Backup_SB, 510 GB / 475 GiB
Search for partition aborted

Results
     EFI System                  2048    2203647    2201600 [EFI System Partition] [NO NAME]
     FAT32, blocksize=4096, 1127 MB / 1075 MiB
     MS Data                     2054    2203653    2201600 [NO NAME]
     FAT32, blocksize=4096, 1127 MB / 1075 MiB
     Linux filesys. data      2203646 1000212477  998008832
     ext4 blocksize=4096 Large_file Sparse_SB Backup_SB, 510 GB / 475 GiB
     Linux filesys. data      2203648 1000212479  998008832
     ext4 blocksize=4096 Large_file Sparse_SB Recover, 510 GB / 475 GiB

Hint for advanced users: dmsetup may be used if you prefer to avoid rewriting the partition table for the moment:
echo "0 2201600 linear /dev/nvme0n1 2048" | dmsetup create test0
echo "0 2201600 linear /dev/nvme0n1 2054" | dmsetup create test1
echo "0 998008832 linear /dev/nvme0n1 2203646" | dmsetup create test2
echo "0 998008832 linear /dev/nvme0n1 2203648" | dmsetup create test3
SIGHUP detected! TestDisk has been killed.
